


ARM Macro Assembler    Page 1 


    1 00000000                 thumb
    2 00000000                 area             reset, data, readonly
    3 00000000                 import           TabCos      ; tableau contenant
                                                             le cosinus des ang
                                                            les
    4 00000000                 import           TabSin      ; tableau contenant
                                                             le sinus des m?mes
                                                             angles
    5 00000000                 export           redft
    6 00000000                 area             fonction, code, readonly
    7 00000000         
    8 00000000         
    9 00000000         redft   PROC
   10 00000000 F04F 0300       mov              r3, #0
   11 00000004 B470            push{r4,r5,r6}
   12 00000006 4606            mov              r6,r0
   13 00000008         ;r6=adresse de base du signal, r1=valeur de k, r2=adress
                       e de TabCos, r3=valeur de i, r0=valeur somme
   14 00000008 F04F 0000       mov              r0, #0
   15 0000000C         
   16 0000000C         somme
   17 0000000C FB01 F403       mul              r4, r1, r3  ; r4=ik
   18 00000010 F004 043F       and              r4, #0x3F   ; r4=r4 mod 64
   19 00000014 5F14            ldrsh            r4,[r2,r4]  ; charger TabCos[r4
                                                            ] dans r4
   20 00000016 5EF5            ldrsh            r5,[r6,r3]  ; charger TabSig[r3
                                                            ] dans r5
   21 00000018 FB84 4505       smull            r4,r5, r4,r5
   22 0000001C 4420            add              r0, r4
   23 0000001E F103 0302       add              r3, #2
   24 00000022                 ENDP
   25 00000022         
   26 00000022 2B7C            cmp              r3,#124
   27 00000024 D3F2            blo              somme       ; si i<=62 on revie
                                                            nt au label somme
   28 00000026         
   29 00000026 BC70            pop              {r4,r5,r6}
   30 00000028 4770            bx               lr
   31 0000002A                 END
Command Line: --debug --xref --diag_suppress=9931 --cpu=Cortex-M3 --apcs=interw
ork --depend=.\objects\carre.d -o.\objects\carre.o -I.\RTE\_Target_1 -IC:\Users
\Pierre\AppData\Local\Arm\Packs\ARM\CMSIS\5.6.0\Device\ARM\ARMCM3\Include -I"C:
\Program Files\Keil_v5\ARM\CMSIS\Include" --predefine="__EVAL SETA 1" --predefi
ne="__MICROLIB SETA 1" --predefine="__UVISION_VERSION SETA 529" --predefine="AR
MCM3 SETA 1" --list=.\listings\carre.lst carre.s



ARM Macro Assembler    Page 1 Alphabetic symbol ordering
Relocatable symbols

reset 00000000

Symbol: reset
   Definitions
      At line 2 in file carre.s
   Uses
      None
Comment: reset unused
1 symbol



ARM Macro Assembler    Page 1 Alphabetic symbol ordering
Relocatable symbols

fonction 00000000

Symbol: fonction
   Definitions
      At line 6 in file carre.s
   Uses
      None
Comment: fonction unused
redft 00000000

Symbol: redft
   Definitions
      At line 9 in file carre.s
   Uses
      At line 5 in file carre.s
Comment: redft used once
somme 0000000C

Symbol: somme
   Definitions
      At line 16 in file carre.s
   Uses
      At line 27 in file carre.s
Comment: somme used once
3 symbols



ARM Macro Assembler    Page 1 Alphabetic symbol ordering
External symbols

TabCos 00000000

Symbol: TabCos
   Definitions
      At line 3 in file carre.s
   Uses
      None
Comment: TabCos unused
TabSin 00000000

Symbol: TabSin
   Definitions
      At line 4 in file carre.s
   Uses
      None
Comment: TabSin unused
2 symbols
340 symbols in table
