


ARM Macro Assembler    Page 1 


    1 00000000                 thumb
    2 00000000                 import           TabCos      ; tableau contenant
                                                             le cosinus des ang
                                                            les
    3 00000000                 import           TabSin      ; tableau contenant
                                                             le sinus des mêmes
                                                             angles
    4 00000000                 export           som_cos_sin
    5 00000000                 area             fonction, code, readonly
    6 00000000         ;fonction som_cos_sin 
    7 00000000         som_cos_sin
                               proc
    8 00000000 B490            push{r4,r7}
    9 00000002 4908            ldr              r1,=TabCos  ; charger la tab de
                                                             cos
   10 00000004 4A08            ldr              r2,=TabSin  ; charger la tab de
                                                             sin
   11 00000006         ; on considere r0 le parametre initial qui contient l'in
                       dice d'entrée
   12 00000006 F931 1010       ldrsh            r1,[r1,r0,lsl #1] ; charger Tab
                                                            Cos[r0] dans r1
   13 0000000A F932 2010       ldrsh            r2,[r2,r0,lsl #1] ; charger Tab
                                                            sin[r0] dans r2
   14 0000000E B410            push             {r4}        ; on sauvegarde les
                                                             valeurs de r4 et r
                                                            7 dans la pile
   15 00000010 B480            push             {r7}        ;
   16 00000012 FB01 F401       mul              r4,r1,r1    ; (cos(x)*cos(x))
   17 00000016 FB02 F702       mul              r7,r2,r2    ;(sin(x)*sin(x))
   18 0000001A EB07 0004       add              r0,r7,r4    ; resultat dans r0=
                                                            cos(x).cos(x) + sin
                                                            (x)sin(x)
   19 0000001E BC90            pop              {r4,r7}     ;
   20 00000020 4770            bx               lr          ;
   21 00000022                 endp
   22 00000022         
   23 00000022                 end
              00 00 00000000 
              00000000 
Command Line: --debug --xref --diag_suppress=9931 --cpu=Cortex-M3 --apcs=interw
ork --depend=.\objects\fonc.d -o.\objects\fonc.o -I.\RTE\_Target_1 -IC:\Users\P
ierre\AppData\Local\Arm\Packs\ARM\CMSIS\5.6.0\Device\ARM\ARMCM3\Include -I"C:\P
rogram Files\Keil_v5\ARM\CMSIS\Include" --predefine="__EVAL SETA 1" --predefine
="__UVISION_VERSION SETA 529" --predefine="ARMCM3 SETA 1" --list=.\listings\fon
c.lst fonc.s



ARM Macro Assembler    Page 1 Alphabetic symbol ordering
Relocatable symbols

fonction 00000000

Symbol: fonction
   Definitions
      At line 5 in file fonc.s
   Uses
      None
Comment: fonction unused
som_cos_sin 00000000

Symbol: som_cos_sin
   Definitions
      At line 7 in file fonc.s
   Uses
      At line 4 in file fonc.s
Comment: som_cos_sin used once
2 symbols



ARM Macro Assembler    Page 1 Alphabetic symbol ordering
External symbols

TabCos 00000000

Symbol: TabCos
   Definitions
      At line 2 in file fonc.s
   Uses
      At line 9 in file fonc.s
Comment: TabCos used once
TabSin 00000000

Symbol: TabSin
   Definitions
      At line 3 in file fonc.s
   Uses
      At line 10 in file fonc.s
Comment: TabSin used once
2 symbols
339 symbols in table
