Component: ARM Compiler 5.06 update 6 (build 750) Tool: armlink [4d35ed]

==============================================================================

Section Cross References

    dft.o(i.main) refers to m2.o(fonction) for m2
    dft.o(i.main) refers to dft.o(.data) for k
    dft.o(i.main) refers to f1p-45.o(Signal) for TabSig
    m2.o(fonction) refers to carre.o(fonction) for reimdft
    m2.o(fonction) refers to trigo.o(Trigo) for TabCos
    startup-rvds.o(RESET) refers to startup-rvds.o(STACK) for __initial_sp
    startup-rvds.o(RESET) refers to startup-rvds.o(.text) for Reset_Handler
    startup-rvds.o(.text) refers to entry.o(.ARM.Collect$$$$00000000) for __main
    entry.o(.ARM.Collect$$$$00000000) refers (Special) to entry10a.o(.ARM.Collect$$$$0000000D) for __rt_final_cpp
    entry.o(.ARM.Collect$$$$00000000) refers (Special) to entry11a.o(.ARM.Collect$$$$0000000F) for __rt_final_exit
    entry.o(.ARM.Collect$$$$00000000) refers (Special) to entry7b.o(.ARM.Collect$$$$00000008) for _main_clock
    entry.o(.ARM.Collect$$$$00000000) refers (Special) to entry8b.o(.ARM.Collect$$$$0000000A) for _main_cpp_init
    entry.o(.ARM.Collect$$$$00000000) refers (Special) to entry9a.o(.ARM.Collect$$$$0000000B) for _main_init
    entry.o(.ARM.Collect$$$$00000000) refers (Special) to entry5.o(.ARM.Collect$$$$00000004) for _main_scatterload
    entry.o(.ARM.Collect$$$$00000000) refers (Special) to entry2.o(.ARM.Collect$$$$00000001) for _main_stk
    entry2.o(.ARM.Collect$$$$00000001) refers to entry2.o(.ARM.Collect$$$$00002712) for __lit__00000000
    entry2.o(.ARM.Collect$$$$00002712) refers to startup-rvds.o(STACK) for __initial_sp
    entry2.o(__vectab_stack_and_reset_area) refers to startup-rvds.o(STACK) for __initial_sp
    entry2.o(__vectab_stack_and_reset_area) refers to entry.o(.ARM.Collect$$$$00000000) for __main
    entry5.o(.ARM.Collect$$$$00000004) refers to init.o(.text) for __scatterload
    entry9a.o(.ARM.Collect$$$$0000000B) refers to dft.o(i.main) for main
    entry9b.o(.ARM.Collect$$$$0000000C) refers to dft.o(i.main) for main
    init.o(.text) refers to entry5.o(.ARM.Collect$$$$00000004) for __main_after_scatterload


==============================================================================

Removing Unused input sections from the image.

    Removing carre.o(reset), (0 bytes).
    Removing m2.o(reset), (0 bytes).
    Removing startup-rvds.o(HEAP), (512 bytes).
    Removing f23p-26_f24p-116.o(Signal), (128 bytes).
    Removing f17p30_f18p135.o(Signal), (128 bytes).

5 unused section(s) (total 768 bytes) removed from the image.

==============================================================================

Image Symbol Table

    Local Symbols

    Symbol Name                              Value     Ov Type        Size  Object(Section)

    RESET                                    0x00000000   Section      236  startup-rvds.o(RESET)
    ../clib/microlib/init/entry.s            0x00000000   Number         0  entry10a.o ABSOLUTE
    ../clib/microlib/init/entry.s            0x00000000   Number         0  entry9b.o ABSOLUTE
    ../clib/microlib/init/entry.s            0x00000000   Number         0  entry9a.o ABSOLUTE
    ../clib/microlib/init/entry.s            0x00000000   Number         0  entry8b.o ABSOLUTE
    ../clib/microlib/init/entry.s            0x00000000   Number         0  entry8a.o ABSOLUTE
    ../clib/microlib/init/entry.s            0x00000000   Number         0  entry7b.o ABSOLUTE
    ../clib/microlib/init/entry.s            0x00000000   Number         0  entry7a.o ABSOLUTE
    ../clib/microlib/init/entry.s            0x00000000   Number         0  entry.o ABSOLUTE
    ../clib/microlib/init/entry.s            0x00000000   Number         0  entry2.o ABSOLUTE
    ../clib/microlib/init/entry.s            0x00000000   Number         0  entry5.o ABSOLUTE
    ../clib/microlib/init/entry.s            0x00000000   Number         0  entry10b.o ABSOLUTE
    ../clib/microlib/init/entry.s            0x00000000   Number         0  entry11a.o ABSOLUTE
    ../clib/microlib/init/entry.s            0x00000000   Number         0  entry11b.o ABSOLUTE
    carre.s                                  0x00000000   Number         0  carre.o ABSOLUTE
    dc.s                                     0x00000000   Number         0  dc.o ABSOLUTE
    dft.c                                    0x00000000   Number         0  dft.o ABSOLUTE
    handlers.s                               0x00000000   Number         0  handlers.o ABSOLUTE
    init.s                                   0x00000000   Number         0  init.o ABSOLUTE
    m2.s                                     0x00000000   Number         0  m2.o ABSOLUTE
    startup-rvds.s                           0x00000000   Number         0  startup-rvds.o ABSOLUTE
    test_DFT\f17p30_f18p135.asm              0x00000000   Number         0  f17p30_f18p135.o ABSOLUTE
    test_DFT\f1p-45.asm                      0x00000000   Number         0  f1p-45.o ABSOLUTE
    test_DFT\f23p-26_f24p-116.asm            0x00000000   Number         0  f23p-26_f24p-116.o ABSOLUTE
    test_DFT\trigo.asm                       0x00000000   Number         0  trigo.o ABSOLUTE
    .ARM.Collect$$$$00000000                 0x000000ec   Section        0  entry.o(.ARM.Collect$$$$00000000)
    .ARM.Collect$$$$00000001                 0x000000ec   Section        4  entry2.o(.ARM.Collect$$$$00000001)
    .ARM.Collect$$$$00000004                 0x000000f0   Section        4  entry5.o(.ARM.Collect$$$$00000004)
    .ARM.Collect$$$$00000008                 0x000000f4   Section        0  entry7b.o(.ARM.Collect$$$$00000008)
    .ARM.Collect$$$$0000000A                 0x000000f4   Section        0  entry8b.o(.ARM.Collect$$$$0000000A)
    .ARM.Collect$$$$0000000B                 0x000000f4   Section        8  entry9a.o(.ARM.Collect$$$$0000000B)
    .ARM.Collect$$$$0000000D                 0x000000fc   Section        0  entry10a.o(.ARM.Collect$$$$0000000D)
    .ARM.Collect$$$$0000000F                 0x000000fc   Section        0  entry11a.o(.ARM.Collect$$$$0000000F)
    .ARM.Collect$$$$00002712                 0x000000fc   Section        4  entry2.o(.ARM.Collect$$$$00002712)
    __lit__00000000                          0x000000fc   Data           4  entry2.o(.ARM.Collect$$$$00002712)
    .text                                    0x00000100   Section       76  startup-rvds.o(.text)
    .text                                    0x0000014c   Section       36  init.o(.text)
    fonction                                 0x00000170   Section       46  carre.o(fonction)
    fonction                                 0x000001a0   Section       40  m2.o(fonction)
    i.__scatterload_copy                     0x000001c8   Section       14  handlers.o(i.__scatterload_copy)
    i.__scatterload_null                     0x000001d6   Section        2  handlers.o(i.__scatterload_null)
    i.__scatterload_zeroinit                 0x000001d8   Section       14  handlers.o(i.__scatterload_zeroinit)
    i.main                                   0x000001e8   Section        0  dft.o(i.main)
    Signal                                   0x00000240   Section      128  f1p-45.o(Signal)
    Trigo                                    0x000002c0   Section      256  trigo.o(Trigo)
    .data                                    0x20000000   Section        8  dft.o(.data)
    STACK                                    0x20000008   Section     1024  startup-rvds.o(STACK)

    Global Symbols

    Symbol Name                              Value     Ov Type        Size  Object(Section)

    BuildAttributes$$THM_ISAv4$P$D$K$B$S$PE$A:L22UL41UL21$X:L11$S22US41US21$IEEE1$IW$USESV6$~STKCKD$USESV7$~SHL$OSPACE$EBA8$MICROLIB$REQ8$EABIv2 0x00000000   Number         0  anon$$obj.o ABSOLUTE
    __ARM_use_no_argv                        0x00000000   Number         0  dft.o ABSOLUTE
    __Vectors                                0x00000000   Data           4  startup-rvds.o(RESET)
    __cpp_initialize__aeabi_                  - Undefined Weak Reference
    __cxa_finalize                            - Undefined Weak Reference
    __decompress                              - Undefined Weak Reference
    _clock_init                               - Undefined Weak Reference
    _microlib_exit                            - Undefined Weak Reference
    __Vectors_End                            0x000000ec   Data           0  startup-rvds.o(RESET)
    __Vectors_Size                           0x000000ec   Number         0  startup-rvds.o ABSOLUTE
    __main                                   0x000000ed   Thumb Code     0  entry.o(.ARM.Collect$$$$00000000)
    _main_stk                                0x000000ed   Thumb Code     0  entry2.o(.ARM.Collect$$$$00000001)
    _main_scatterload                        0x000000f1   Thumb Code     0  entry5.o(.ARM.Collect$$$$00000004)
    __main_after_scatterload                 0x000000f5   Thumb Code     0  entry5.o(.ARM.Collect$$$$00000004)
    _main_clock                              0x000000f5   Thumb Code     0  entry7b.o(.ARM.Collect$$$$00000008)
    _main_cpp_init                           0x000000f5   Thumb Code     0  entry8b.o(.ARM.Collect$$$$0000000A)
    _main_init                               0x000000f5   Thumb Code     0  entry9a.o(.ARM.Collect$$$$0000000B)
    __rt_final_cpp                           0x000000fd   Thumb Code     0  entry10a.o(.ARM.Collect$$$$0000000D)
    __rt_final_exit                          0x000000fd   Thumb Code     0  entry11a.o(.ARM.Collect$$$$0000000F)
    Reset_Handler                            0x00000101   Thumb Code    34  startup-rvds.o(.text)
    SystemInit                               0x00000123   Thumb Code     2  startup-rvds.o(.text)
    NMI_Handler                              0x00000125   Thumb Code     2  startup-rvds.o(.text)
    HardFault_Handler                        0x00000127   Thumb Code     2  startup-rvds.o(.text)
    MemManage_Handler                        0x00000129   Thumb Code     2  startup-rvds.o(.text)
    BusFault_Handler                         0x0000012b   Thumb Code     2  startup-rvds.o(.text)
    UsageFault_Handler                       0x0000012d   Thumb Code     2  startup-rvds.o(.text)
    SVC_Handler                              0x0000012f   Thumb Code     2  startup-rvds.o(.text)
    DebugMon_Handler                         0x00000131   Thumb Code     2  startup-rvds.o(.text)
    PendSV_Handler                           0x00000133   Thumb Code     2  startup-rvds.o(.text)
    SysTick_Handler                          0x00000135   Thumb Code     2  startup-rvds.o(.text)
    ADC1_2_IRQHandler                        0x00000137   Thumb Code     0  startup-rvds.o(.text)
    CAN1_RX1_IRQHandler                      0x00000137   Thumb Code     0  startup-rvds.o(.text)
    CAN1_SCE_IRQHandler                      0x00000137   Thumb Code     0  startup-rvds.o(.text)
    DMA1_Channel1_IRQHandler                 0x00000137   Thumb Code     0  startup-rvds.o(.text)
    DMA1_Channel2_IRQHandler                 0x00000137   Thumb Code     0  startup-rvds.o(.text)
    DMA1_Channel3_IRQHandler                 0x00000137   Thumb Code     0  startup-rvds.o(.text)
    DMA1_Channel4_IRQHandler                 0x00000137   Thumb Code     0  startup-rvds.o(.text)
    DMA1_Channel5_IRQHandler                 0x00000137   Thumb Code     0  startup-rvds.o(.text)
    DMA1_Channel6_IRQHandler                 0x00000137   Thumb Code     0  startup-rvds.o(.text)
    DMA1_Channel7_IRQHandler                 0x00000137   Thumb Code     0  startup-rvds.o(.text)
    EXTI0_IRQHandler                         0x00000137   Thumb Code     0  startup-rvds.o(.text)
    EXTI15_10_IRQHandler                     0x00000137   Thumb Code     0  startup-rvds.o(.text)
    EXTI1_IRQHandler                         0x00000137   Thumb Code     0  startup-rvds.o(.text)
    EXTI2_IRQHandler                         0x00000137   Thumb Code     0  startup-rvds.o(.text)
    EXTI3_IRQHandler                         0x00000137   Thumb Code     0  startup-rvds.o(.text)
    EXTI4_IRQHandler                         0x00000137   Thumb Code     0  startup-rvds.o(.text)
    EXTI9_5_IRQHandler                       0x00000137   Thumb Code     0  startup-rvds.o(.text)
    FLASH_IRQHandler                         0x00000137   Thumb Code     0  startup-rvds.o(.text)
    I2C1_ER_IRQHandler                       0x00000137   Thumb Code     0  startup-rvds.o(.text)
    I2C1_EV_IRQHandler                       0x00000137   Thumb Code     0  startup-rvds.o(.text)
    I2C2_ER_IRQHandler                       0x00000137   Thumb Code     0  startup-rvds.o(.text)
    I2C2_EV_IRQHandler                       0x00000137   Thumb Code     0  startup-rvds.o(.text)
    PVD_IRQHandler                           0x00000137   Thumb Code     0  startup-rvds.o(.text)
    RCC_IRQHandler                           0x00000137   Thumb Code     0  startup-rvds.o(.text)
    RTCAlarm_IRQHandler                      0x00000137   Thumb Code     0  startup-rvds.o(.text)
    RTC_IRQHandler                           0x00000137   Thumb Code     0  startup-rvds.o(.text)
    SPI1_IRQHandler                          0x00000137   Thumb Code     0  startup-rvds.o(.text)
    SPI2_IRQHandler                          0x00000137   Thumb Code     0  startup-rvds.o(.text)
    TAMPER_IRQHandler                        0x00000137   Thumb Code     0  startup-rvds.o(.text)
    TIM1_BRK_IRQHandler                      0x00000137   Thumb Code     0  startup-rvds.o(.text)
    TIM1_CC_IRQHandler                       0x00000137   Thumb Code     0  startup-rvds.o(.text)
    TIM1_TRG_COM_IRQHandler                  0x00000137   Thumb Code     0  startup-rvds.o(.text)
    TIM1_UP_IRQHandler                       0x00000137   Thumb Code     0  startup-rvds.o(.text)
    TIM2_IRQHandler                          0x00000137   Thumb Code     0  startup-rvds.o(.text)
    TIM3_IRQHandler                          0x00000137   Thumb Code     0  startup-rvds.o(.text)
    TIM4_IRQHandler                          0x00000137   Thumb Code     0  startup-rvds.o(.text)
    USART1_IRQHandler                        0x00000137   Thumb Code     0  startup-rvds.o(.text)
    USART2_IRQHandler                        0x00000137   Thumb Code     0  startup-rvds.o(.text)
    USART3_IRQHandler                        0x00000137   Thumb Code     0  startup-rvds.o(.text)
    USBWakeUp_IRQHandler                     0x00000137   Thumb Code     0  startup-rvds.o(.text)
    USB_HP_CAN1_TX_IRQHandler                0x00000137   Thumb Code     0  startup-rvds.o(.text)
    USB_LP_CAN1_RX0_IRQHandler               0x00000137   Thumb Code     0  startup-rvds.o(.text)
    WWDG_IRQHandler                          0x00000137   Thumb Code     0  startup-rvds.o(.text)
    __scatterload                            0x0000014d   Thumb Code    28  init.o(.text)
    __scatterload_rt2                        0x0000014d   Thumb Code     0  init.o(.text)
    reimdft                                  0x00000171   Thumb Code    38  carre.o(fonction)
    m2                                       0x000001a1   Thumb Code    30  m2.o(fonction)
    __scatterload_copy                       0x000001c9   Thumb Code    14  handlers.o(i.__scatterload_copy)
    __scatterload_null                       0x000001d7   Thumb Code     2  handlers.o(i.__scatterload_null)
    __scatterload_zeroinit                   0x000001d9   Thumb Code    14  handlers.o(i.__scatterload_zeroinit)
    main                                     0x000001e9   Thumb Code    44  dft.o(i.main)
    Region$$Table$$Base                      0x00000220   Number         0  anon$$obj.o(Region$$Table)
    Region$$Table$$Limit                     0x00000240   Number         0  anon$$obj.o(Region$$Table)
    TabSig                                   0x00000240   Data           0  f1p-45.o(Signal)
    TabCos                                   0x000002c0   Data           0  trigo.o(Trigo)
    TabSin                                   0x00000340   Data           0  trigo.o(Trigo)
    mod                                      0x20000000   Data           4  dft.o(.data)
    k                                        0x20000004   Data           4  dft.o(.data)
    __initial_sp                             0x20000408   Data           0  startup-rvds.o(STACK)



==============================================================================

Memory Map of the image

  Image Entry point : 0x00000101

  Load Region LR_1 (Base: 0x00000000, Size: 0x000003c8, Max: 0xffffffff, ABSOLUTE)

    Execution Region ER_RO (Exec base: 0x00000000, Load base: 0x00000000, Size: 0x000003c0, Max: 0xffffffff, ABSOLUTE)

    Exec Addr    Load Addr    Size         Type   Attr      Idx    E Section Name        Object

    0x00000000   0x00000000   0x000000ec   Data   RO           32    RESET               startup-rvds.o
    0x000000ec   0x000000ec   0x00000000   Code   RO           40  * .ARM.Collect$$$$00000000  mc_w.l(entry.o)
    0x000000ec   0x000000ec   0x00000004   Code   RO           43    .ARM.Collect$$$$00000001  mc_w.l(entry2.o)
    0x000000f0   0x000000f0   0x00000004   Code   RO           46    .ARM.Collect$$$$00000004  mc_w.l(entry5.o)
    0x000000f4   0x000000f4   0x00000000   Code   RO           48    .ARM.Collect$$$$00000008  mc_w.l(entry7b.o)
    0x000000f4   0x000000f4   0x00000000   Code   RO           50    .ARM.Collect$$$$0000000A  mc_w.l(entry8b.o)
    0x000000f4   0x000000f4   0x00000008   Code   RO           51    .ARM.Collect$$$$0000000B  mc_w.l(entry9a.o)
    0x000000fc   0x000000fc   0x00000000   Code   RO           53    .ARM.Collect$$$$0000000D  mc_w.l(entry10a.o)
    0x000000fc   0x000000fc   0x00000000   Code   RO           55    .ARM.Collect$$$$0000000F  mc_w.l(entry11a.o)
    0x000000fc   0x000000fc   0x00000004   Code   RO           44    .ARM.Collect$$$$00002712  mc_w.l(entry2.o)
    0x00000100   0x00000100   0x0000004c   Code   RO           33  * .text               startup-rvds.o
    0x0000014c   0x0000014c   0x00000024   Code   RO           57    .text               mc_w.l(init.o)
    0x00000170   0x00000170   0x0000002e   Code   RO            2    fonction            carre.o
    0x0000019e   0x0000019e   0x00000002   PAD
    0x000001a0   0x000001a0   0x00000028   Code   RO           26    fonction            m2.o
    0x000001c8   0x000001c8   0x0000000e   Code   RO           61    i.__scatterload_copy  mc_w.l(handlers.o)
    0x000001d6   0x000001d6   0x00000002   Code   RO           62    i.__scatterload_null  mc_w.l(handlers.o)
    0x000001d8   0x000001d8   0x0000000e   Code   RO           63    i.__scatterload_zeroinit  mc_w.l(handlers.o)
    0x000001e6   0x000001e6   0x00000002   PAD
    0x000001e8   0x000001e8   0x00000038   Code   RO            8    i.main              dft.o
    0x00000220   0x00000220   0x00000020   Data   RO           59    Region$$Table       anon$$obj.o
    0x00000240   0x00000240   0x00000080   Data   RO           38    Signal              f1p-45.o
    0x000002c0   0x000002c0   0x00000100   Data   RO           24    Trigo               trigo.o


    Execution Region ER_RW (Exec base: 0x20000000, Load base: 0x000003c0, Size: 0x00000008, Max: 0xffffffff, ABSOLUTE)

    Exec Addr    Load Addr    Size         Type   Attr      Idx    E Section Name        Object

    0x20000000   0x000003c0   0x00000008   Data   RW            9    .data               dft.o


    Execution Region ER_ZI (Exec base: 0x20000008, Load base: 0x000003c8, Size: 0x00000400, Max: 0xffffffff, ABSOLUTE)

    Exec Addr    Load Addr    Size         Type   Attr      Idx    E Section Name        Object

    0x20000008        -       0x00000400   Zero   RW           30    STACK               startup-rvds.o


==============================================================================

Image component sizes


      Code (inc. data)   RO Data    RW Data    ZI Data      Debug   Object Name

        46          0          0          0          0        324   carre.o
        56         12          0          8          0       2027   dft.o
         0          0        128          0          0          0   f1p-45.o
        40         10          0          0          0        276   m2.o
        76         20        236          0       1024        776   startup-rvds.o
         0          0        256          0          0          0   trigo.o

    ----------------------------------------------------------------------
       220         42        652          8       1024       3403   Object Totals
         0          0         32          0          0          0   (incl. Generated)
         2          0          0          0          0          0   (incl. Padding)

    ----------------------------------------------------------------------

      Code (inc. data)   RO Data    RW Data    ZI Data      Debug   Library Member Name

         0          0          0          0          0          0   entry.o
         0          0          0          0          0          0   entry10a.o
         0          0          0          0          0          0   entry11a.o
         8          4          0          0          0          0   entry2.o
         4          0          0          0          0          0   entry5.o
         0          0          0          0          0          0   entry7b.o
         0          0          0          0          0          0   entry8b.o
         8          4          0          0          0          0   entry9a.o
        30          0          0          0          0          0   handlers.o
        36          8          0          0          0         68   init.o

    ----------------------------------------------------------------------
        88         16          0          0          0         68   Library Totals
         2          0          0          0          0          0   (incl. Padding)

    ----------------------------------------------------------------------

      Code (inc. data)   RO Data    RW Data    ZI Data      Debug   Library Name

        86         16          0          0          0         68   mc_w.l

    ----------------------------------------------------------------------
        88         16          0          0          0         68   Library Totals

    ----------------------------------------------------------------------

==============================================================================


      Code (inc. data)   RO Data    RW Data    ZI Data      Debug   

       308         58        652          8       1024       3519   Grand Totals
       308         58        652          8       1024       3519   ELF Image Totals
       308         58        652          8          0          0   ROM Totals

==============================================================================

    Total RO  Size (Code + RO Data)                  960 (   0.94kB)
    Total RW  Size (RW Data + ZI Data)              1032 (   1.01kB)
    Total ROM Size (Code + RO Data + RW Data)        968 (   0.95kB)

==============================================================================

