


ARM Macro Assembler    Page 1 


    1 00000000                 thumb
    2 00000000                 AREA             PROGRAM, CODE, READONLY
    3 00000000                 EXPORT           timer_callback  [WEAK]
    4 00000000 40010C10 
                       GPIOB_BSRR
                               equ              0x40010C10  ; Bit Set/Reset reg
                                                            ister
    5 00000000                 IMPORT           state
    6 00000000         
    7 00000000         timer_callback
                               PROC
    8 00000000         
    9 00000000 4A08            ldr              r2, =state  ; on met l'adresse 
                                                            de la variable stat
                                                            e dans r2
   10 00000002 6814            ldr              r4, [r2]    ; on met la valeur 
                                                            de state dans r4
   11 00000004 B934            cbnz             r4, state1  ; si r0 > 0, on jum
                                                            p au label state1
   12 00000006         ; else :
   13 00000006         ; mise à 1 de state
   14 00000006 F04F 0401       mov              r4, #1
   15 0000000A 6014            str              r4, [r2]
   16 0000000C         ; mise a 1 de PB1
   17 0000000C 4B06            ldr              r3, =GPIOB_BSRR
   18 0000000E F04F 0102       mov              r1, #0x00000002
   19 00000012 6019            str              r1, [r3]
   20 00000014         state1
   21 00000014         ; mise à zero de state
   22 00000014 F04F 0400       mov              r4, #0
   23 00000018 6014            str              r4, [r2]
   24 0000001A         ; mise a zero de PB1
   25 0000001A 4B03            ldr              r3, =GPIOB_BSRR
   26 0000001C F44F 3100       mov              r1, #0x00020000
   27 00000020 6019            str              r1, [r3]
   28 00000022 4770            bx               lr
   29 00000024         ; N.B. le registre BSRR est write-only, on ne peut pas l
                       e relire
   30 00000024                 ENDP
   31 00000024                 END
              00000000 
              40010C10 
Command Line: --debug --xref --diag_suppress=9931 --cpu=Cortex-M3 --apcs=interw
ork --depend=.\obj\carre.d -o.\obj\carre.o -I.\RTE\_Simu -IC:\Users\Pierre\AppD
ata\Local\Arm\Packs\ARM\CMSIS\5.6.0\CMSIS\Core\Include -IC:\Users\Pierre\AppDat
a\Local\Arm\Packs\Keil\STM32F1xx_DFP\2.3.0\Device\Include --predefine="__EVAL S
ETA 1" --predefine="__MICROLIB SETA 1" --predefine="__UVISION_VERSION SETA 529"
 --predefine="_RTE_ SETA 1" --predefine="STM32F10X_MD SETA 1" --list=carre.lst 
Src\Carre.s



ARM Macro Assembler    Page 1 Alphabetic symbol ordering
Relocatable symbols

PROGRAM 00000000

Symbol: PROGRAM
   Definitions
      At line 2 in file Src\Carre.s
   Uses
      None
Comment: PROGRAM unused
state1 00000014

Symbol: state1
   Definitions
      At line 20 in file Src\Carre.s
   Uses
      At line 11 in file Src\Carre.s
Comment: state1 used once
timer_callback 00000000

Symbol: timer_callback
   Definitions
      At line 7 in file Src\Carre.s
   Uses
      At line 3 in file Src\Carre.s
Comment: timer_callback used once
3 symbols



ARM Macro Assembler    Page 1 Alphabetic symbol ordering
Absolute symbols

GPIOB_BSRR 40010C10

Symbol: GPIOB_BSRR
   Definitions
      At line 4 in file Src\Carre.s
   Uses
      At line 17 in file Src\Carre.s
      At line 25 in file Src\Carre.s

1 symbol



ARM Macro Assembler    Page 1 Alphabetic symbol ordering
External symbols

state 00000000

Symbol: state
   Definitions
      At line 5 in file Src\Carre.s
   Uses
      At line 9 in file Src\Carre.s
Comment: state used once
1 symbol
342 symbols in table
