


ARM Macro Assembler    Page 1 


    1 00000000                 thumb
    2 00000000                 area             fonction, code, readonly
    3 00000000                 export           reimdft
    4 00000000         
    5 00000000         
    6 00000000         reimdft PROC
    7 00000000 F04F 0300       mov              r3, #0      ; i=0 (r3<-0 : en r
                                                            éalité r3=2i)
    8 00000004 B470            push{r4,r5,r6}
    9 00000006 4606            mov              r6,r0       ; adresse du tablea
                                                            u de valeurs du sig
                                                            nal dans r6
   10 00000008 F04F 0000       mov              r0, #0      ; somme=0 (dans r0 
                                                            pour retour fonctio
                                                            n)
   11 0000000C         ; r1=valeur de k, r2=adresse de TabCos ou TabSin
   12 0000000C         
   13 0000000C         
   14 0000000C         somme
   15 0000000C FB01 F403       mul              r4, r1, r3  ; r4=ik
   16 00000010 F004 043F       and              r4, #0x3F   ; r4=r4 mod 64
   17 00000014 F932 4014       ldrsh            r4,[r2,r4,lsl#1] ; charger TabC
                                                            os[r4]=cos(ik2pi/N)
                                                             dans r4 (en 1.15)
   18 00000018 F936 5013       ldrsh            r5,[r6,r3,lsl#1] ; charger TabS
                                                            ig[r3]=x(i) dans r5
                                                             (en 1.15)
   19 0000001C FB04 F405       mul              r4, r4,r5   ; cos(ik2pi/N)*x(i)
                                                            , résultat dans r4 
                                                            (en 2.30)
   20 00000020 4420            add              r0, r4      ; on incrémente la 
                                                            somme (en 2.30)
   21 00000022 F103 0301       add              r3, #1      ; i+=1
   22 00000026                 ENDP
   23 00000026         
   24 00000026 2B40            cmp              r3,#64      ;
   25 00000028 D3F0            blo              somme       ; si i<=64 (incréme
                                                            ntation en fin de b
                                                            oucle) on revient a
                                                            u label somme
   26 0000002A         
   27 0000002A BC70            pop              {r4,r5,r6}
   28 0000002C 4770            bx               lr          ; on retourne la so
                                                            mme qui est dans r0
                                                            
   29 0000002E                 END
Command Line: --debug --xref --diag_suppress=9931 --cpu=Cortex-M3 --apcs=interw
ork --depend=.\objects\carre.d -o.\objects\carre.o -I.\RTE\_Target_1 -IC:\Users
\Pierre\AppData\Local\Arm\Packs\Keil\STM32F1xx_DFP\2.3.0\Device\Include -I"C:\P
rogram Files\Keil_v5\ARM\CMSIS\Include" --predefine="__EVAL SETA 1" --predefine
="__MICROLIB SETA 1" --predefine="__UVISION_VERSION SETA 529" --predefine="STM3
2F10X_MD SETA 1" --list=.\listings\carre.lst carre.s



ARM Macro Assembler    Page 1 Alphabetic symbol ordering
Relocatable symbols

fonction 00000000

Symbol: fonction
   Definitions
      At line 2 in file carre.s
   Uses
      None
Comment: fonction unused
reimdft 00000000

Symbol: reimdft
   Definitions
      At line 6 in file carre.s
   Uses
      At line 3 in file carre.s
Comment: reimdft used once
somme 0000000C

Symbol: somme
   Definitions
      At line 14 in file carre.s
   Uses
      At line 25 in file carre.s
Comment: somme used once
3 symbols
337 symbols in table
